 AS V1.42 Beta [Bld 281] - Source File switches-leds-inv-and-q.asm - Page 1 - 31/12/24 15:39:58


       1/   0 :                         ; -----------------------------------------------------------------------------
       2/   0 :                         ; Originally written by:
       3/   0 :                         ; Herb Johnson © 2012
       4/   0 :                         ; Operating and Testing the 1802 Membership Card
       5/   0 :                         ; https://www.retrotechnology.com/memship/mship_test.html
       6/   0 :                         ; -----------------------------------------------------------------------------
       7/   0 :                         ; Read the 8 data switches and display their complement on the 8 LEDs.
       8/   0 :                         ; -----------------------------------------------------------------------------
       9/   0 :                         
      10/   0 :                         
      11/   0 :                         ; -----------------------------------------------------------------------------
      12/   0 :                         ; This version is written for
      13/   0 :                         ; [The Macro Assembler AS](http://john.ccac.rwth-aachen.de:8000/as/), but
      14/   0 :                         ; the code should be portable to other 1802 assemblers.
      15/   0 :                         ; The following are the assembling and linking instructions:
      16/   0 :                         ; ```
      17/   0 :                         ; asl -cpu 1802 -L switches-leds-inv-and-q.asm
      18/   0 :                         ; p2hex switches-leds-inv-and-q.p switches-leds-inv-and-q.hex
      19/   0 :                         ; ```
      20/   0 :                         ; -----------------------------------------------------------------------------
      21/   0 :                         
      22/   0 :                         
      23/   0 :                         ; include the bit manipulation functions --------------------------------------
      24/   0 :                         ; This file defines a couple of bit-oriented functions that might be hardwired
      25/   0 :                         ; for other assemblers.
      26/   0 :                         ; A code uses `hi()` and `lo()` operators that `asl` implements as user-defined
      27/   0 :                         ; function.     
      28/   0 :                         ; The source for `bitfuncs.inc` is provided to help port those functions to the
      29/   0 :                         ; assembler of your choice.
      30/   0 :                         
      31/   0 :                         
      32/   0 :                         	include "bitfuncs.inc"
(1)    1/   0 : =>UNDEFINED             		ifndef   bitfuncsinc    ; avoid multiple inclusion
(1)    2/   0 : =1H                     bitfuncsinc     equ      1
(1)    3/   0 :                         
(1)    4/   0 :                                         save
(1)   77/   0 : ALL                                     restore                 ; allow listing again
(1)   78/   0 :                         
(1)   79/   0 : [1]                                     endif			; bitfuncsinc
(1)   80/   0 :                         
(1)   81/   0 :                         
      33/   0 :                         
      34/   0 :                         
      35/   0 : =0H                     R0	EQU	0
      36/   0 : =1H                     R3	EQU	1
      37/   0 :                         
      38/   0 :                         	; assumes P=0
      39/   0 :                         
      40/   0 :                         	ORG	0
      41/   0 :                         
      42/   0 :                         start:
      43/   0 : 80                      	GLO	R0		; D=lo(RO), zero on reset
      44/   1 : B1                      	PHI	R3		; R3 high byte = 0
      45/   2 : F8 0E                   	LDI	lo((tmp))	; set D=lower byte of the address of (tmp)
      46/   4 : A1                      	PLO	R3		; R3=the address of (tmp)
      47/   5 : E1                      	SEX	R3		; X->R3 
      48/   6 : 6C                      	INP	4		; read switches
      49/   7 : FB FF                   	XRI	0FFH		; invert bits in D and M(R3)
      50/   9 : 51                      	STR	R3		; save the result in M(R3)
      51/   A : 64                      	OUT	4		; write M(R3) to LEDs (increments R3)
 AS V1.42 Beta [Bld 281] - Source File switches-leds-inv-and-q.asm - Page 2 - 31/12/24 15:39:58


      52/   B : 21                      	DEC	R3		; cancel increment with decrement
      53/   C : 30 00                   	BR	start		; go to start
      54/   E :                         tmp:
      55/   E : 00                      	DB	0
      56/   F :                         
      57/   F :                         	END
 AS V1.42 Beta [Bld 281] - Source File switches-leds-inv-and-q.asm - Page 3 - 31/12/24 15:39:58


  Symbol Table (* = unused):
  --------------------------

*ARCHITECTURE :                                      "x86_64-unknown-linux" - |
*BITFUNCSINC :                    1 - | *CASESENSITIVE :                  0 - |
*CONSTPI :     3.141592653589793239 - | *DATE :                  "31/12/24" - |
*FALSE :                          0 - | *FLOATMAX :   1.18973149535725E4932 - |
*HAS64 :                          1 - | *LISTON :                         1 - |
*MACEXP :                         7 - | *MOMCPU :                      1802 - |
*MOMCPUNAME :                "1802" - | *NESTMAX :                      100 - |
 R0 :                             0 - |  R3 :                             1 - |
*RELAXED :                        0 - |  START :                          0 C |
*TIME :                  "15:39:58" - |  TMP :                           0E C |
*TRUE :                           1 - | *VERSION :                     142F - |

     21 symbols
     17 unused symbols

 AS V1.42 Beta [Bld 281] - Source File switches-leds-inv-and-q.asm - Page 4 - 31/12/24 15:39:58


  Defined Functions:
  ------------------

ROTRN                                 | ROTLN                                
SHRN                                  | SHLN                                 
GETBIT                                | EVEN                                 
ODD                                   | LOWORD                               
HIWORD                                | LO                                   
HI                                    | CUTOUT                               
INVMASK                               | MASK                                 

 AS V1.42 Beta [Bld 281] - Source File switches-leds-inv-and-q.asm - Page 5 - 31/12/24 15:39:58


  Code Pages:
  ----------

STANDARD (0 changed characters)

1 code page

0.00 seconds assembly time

    140 lines source file
      2 passes
      0 errors
      0 warnings
